tf_keras version: 2.20.1
Loading with tf_keras...
Error: Error when deserializing class 'Rescaling' using config={'name': 'rescaling', 'trainable': False, 'dtype': {'module': 'keras', 'class_name': 'DTypePolicy', 'config': {'name': 'float32'}, 'registered_name': None}, 'scale': 0.00784313725490196, 'offset': -1.0}.

Exception encountered: Unknown dtype policy: 'DTypePolicy'. Please ensure you are using a `keras.utils.custom_object_scope` and that this object is included in the scope. See https://www.tensorflow.org/guide/keras/save_and_serialize#registering_the_custom_object for details.
Traceback (most recent call last):
  File "D:\finalkrushimitra_001\KrushiMitra-Backend\test_tf_keras.py", line 11, in <module>
    model = tf_keras.models.load_model(
            ^^^^^^^^^^^^^^^^^^^^^^^^^^^
  File "D:\finalkrushimitra_001\KrushiMitra-Backend\.venv\Lib\site-packages\tf_keras\src\saving\saving_api.py", line 301, in load_model
    return legacy_sm_saving_lib.load_model(
           ^^^^^^^^^^^^^^^^^^^^^^^^^^^^^^^^
  File "D:\finalkrushimitra_001\KrushiMitra-Backend\.venv\Lib\site-packages\tf_keras\src\utils\traceback_utils.py", line 70, in error_handler
    raise e.with_traceback(filtered_tb) from None
  File "D:\finalkrushimitra_001\KrushiMitra-Backend\.venv\Lib\site-packages\tf_keras\src\engine\base_layer.py", line 871, in from_config
    raise TypeError(
TypeError: Error when deserializing class 'Rescaling' using config={'name': 'rescaling', 'trainable': False, 'dtype': {'module': 'keras', 'class_name': 'DTypePolicy', 'config': {'name': 'float32'}, 'registered_name': None}, 'scale': 0.00784313725490196, 'offset': -1.0}.

Exception encountered: Unknown dtype policy: 'DTypePolicy'. Please ensure you are using a `keras.utils.custom_object_scope` and that this object is included in the scope. See https://www.tensorflow.org/guide/keras/save_and_serialize#registering_the_custom_object for details.
